Archive member included because of file (symbol)

/Users/ncoronges/Projects/led_watch/big_led/lib/libpebble.a(tmpU6Z9e6pebble_os.o)
                              src/big_led.c.1.o (app_event_loop)
/Users/ncoronges/Projects/Pebble/arm-cs-tools/bin/../lib/gcc/arm-none-eabi/4.6.3/../../../../arm-none-eabi/lib/thumb2/libc.a(lib_a-memset.o)
                              src/big_led.c.1.o (memset)

Allocating common symbols
Common symbol       size              file

image_containers    0x110             src/big_led.c.1.o
window              0x58              src/big_led.c.1.o

Discarded input sections

 .text          0x0000000000000000        0x0 /Users/ncoronges/Projects/Pebble/arm-cs-tools/bin/../lib/gcc/arm-none-eabi/4.6.3/thumb2/crti.o
 .bss           0x0000000000000000        0x0 /Users/ncoronges/Projects/Pebble/arm-cs-tools/bin/../lib/gcc/arm-none-eabi/4.6.3/thumb2/crti.o
 .init          0x0000000000000000        0x4 /Users/ncoronges/Projects/Pebble/arm-cs-tools/bin/../lib/gcc/arm-none-eabi/4.6.3/thumb2/crti.o
 .fini          0x0000000000000000        0x4 /Users/ncoronges/Projects/Pebble/arm-cs-tools/bin/../lib/gcc/arm-none-eabi/4.6.3/thumb2/crti.o
 .text          0x0000000000000000       0x68 /Users/ncoronges/Projects/Pebble/arm-cs-tools/bin/../lib/gcc/arm-none-eabi/4.6.3/thumb2/crtbegin.o
 .bss           0x0000000000000000       0x1c /Users/ncoronges/Projects/Pebble/arm-cs-tools/bin/../lib/gcc/arm-none-eabi/4.6.3/thumb2/crtbegin.o
 .init_array    0x0000000000000000        0x4 /Users/ncoronges/Projects/Pebble/arm-cs-tools/bin/../lib/gcc/arm-none-eabi/4.6.3/thumb2/crtbegin.o
 .fini_array    0x0000000000000000        0x4 /Users/ncoronges/Projects/Pebble/arm-cs-tools/bin/../lib/gcc/arm-none-eabi/4.6.3/thumb2/crtbegin.o
 .eh_frame      0x0000000000000000        0x0 /Users/ncoronges/Projects/Pebble/arm-cs-tools/bin/../lib/gcc/arm-none-eabi/4.6.3/thumb2/crtbegin.o
 .jcr           0x0000000000000000        0x0 /Users/ncoronges/Projects/Pebble/arm-cs-tools/bin/../lib/gcc/arm-none-eabi/4.6.3/thumb2/crtbegin.o
 .text          0x0000000000000000        0x0 src/big_led.c.1.o
 .bss           0x0000000000000000        0x0 src/big_led.c.1.o
 .bss           0x0000000000000000        0x0 /Users/ncoronges/Projects/led_watch/big_led/lib/libpebble.a(tmpU6Z9e6pebble_os.o)
 .text.animation_init
                0x0000000000000000        0xc /Users/ncoronges/Projects/led_watch/big_led/lib/libpebble.a(tmpU6Z9e6pebble_os.o)
 .text.animation_set_delay
                0x0000000000000000        0xc /Users/ncoronges/Projects/led_watch/big_led/lib/libpebble.a(tmpU6Z9e6pebble_os.o)
 .text.animation_set_duration
                0x0000000000000000        0xc /Users/ncoronges/Projects/led_watch/big_led/lib/libpebble.a(tmpU6Z9e6pebble_os.o)
 .text.animation_set_curve
                0x0000000000000000        0xc /Users/ncoronges/Projects/led_watch/big_led/lib/libpebble.a(tmpU6Z9e6pebble_os.o)
 .text.animation_set_handlers
                0x0000000000000000        0xc /Users/ncoronges/Projects/led_watch/big_led/lib/libpebble.a(tmpU6Z9e6pebble_os.o)
 .text.animation_set_implementation
                0x0000000000000000        0xc /Users/ncoronges/Projects/led_watch/big_led/lib/libpebble.a(tmpU6Z9e6pebble_os.o)
 .text.animation_get_context
                0x0000000000000000        0xc /Users/ncoronges/Projects/led_watch/big_led/lib/libpebble.a(tmpU6Z9e6pebble_os.o)
 .text.animation_schedule
                0x0000000000000000        0xc /Users/ncoronges/Projects/led_watch/big_led/lib/libpebble.a(tmpU6Z9e6pebble_os.o)
 .text.animation_unschedule
                0x0000000000000000        0xc /Users/ncoronges/Projects/led_watch/big_led/lib/libpebble.a(tmpU6Z9e6pebble_os.o)
 .text.animation_unschedule_all
                0x0000000000000000        0xc /Users/ncoronges/Projects/led_watch/big_led/lib/libpebble.a(tmpU6Z9e6pebble_os.o)
 .text.animation_is_scheduled
                0x0000000000000000        0xc /Users/ncoronges/Projects/led_watch/big_led/lib/libpebble.a(tmpU6Z9e6pebble_os.o)
 .text.app_timer_send_event
                0x0000000000000000        0xc /Users/ncoronges/Projects/led_watch/big_led/lib/libpebble.a(tmpU6Z9e6pebble_os.o)
 .text.app_timer_cancel_event
                0x0000000000000000        0xc /Users/ncoronges/Projects/led_watch/big_led/lib/libpebble.a(tmpU6Z9e6pebble_os.o)
 .text.cos_lookup
                0x0000000000000000        0xc /Users/ncoronges/Projects/led_watch/big_led/lib/libpebble.a(tmpU6Z9e6pebble_os.o)
 .text.fonts_get_system_font
                0x0000000000000000        0xc /Users/ncoronges/Projects/led_watch/big_led/lib/libpebble.a(tmpU6Z9e6pebble_os.o)
 .text.fonts_load_custom_font
                0x0000000000000000        0xc /Users/ncoronges/Projects/led_watch/big_led/lib/libpebble.a(tmpU6Z9e6pebble_os.o)
 .text.fonts_unload_custom_font
                0x0000000000000000        0xc /Users/ncoronges/Projects/led_watch/big_led/lib/libpebble.a(tmpU6Z9e6pebble_os.o)
 .text.graphics_context_set_stroke_color
                0x0000000000000000        0xc /Users/ncoronges/Projects/led_watch/big_led/lib/libpebble.a(tmpU6Z9e6pebble_os.o)
 .text.graphics_context_set_fill_color
                0x0000000000000000        0xc /Users/ncoronges/Projects/led_watch/big_led/lib/libpebble.a(tmpU6Z9e6pebble_os.o)
 .text.graphics_context_set_text_color
                0x0000000000000000        0xc /Users/ncoronges/Projects/led_watch/big_led/lib/libpebble.a(tmpU6Z9e6pebble_os.o)
 .text.graphics_context_set_compositing_mode
                0x0000000000000000        0xc /Users/ncoronges/Projects/led_watch/big_led/lib/libpebble.a(tmpU6Z9e6pebble_os.o)
 .text.graphics_draw_pixel
                0x0000000000000000        0xc /Users/ncoronges/Projects/led_watch/big_led/lib/libpebble.a(tmpU6Z9e6pebble_os.o)
 .text.graphics_draw_line
                0x0000000000000000        0xc /Users/ncoronges/Projects/led_watch/big_led/lib/libpebble.a(tmpU6Z9e6pebble_os.o)
 .text.graphics_fill_rect
                0x0000000000000000        0xc /Users/ncoronges/Projects/led_watch/big_led/lib/libpebble.a(tmpU6Z9e6pebble_os.o)
 .text.graphics_draw_circle
                0x0000000000000000        0xc /Users/ncoronges/Projects/led_watch/big_led/lib/libpebble.a(tmpU6Z9e6pebble_os.o)
 .text.graphics_fill_circle
                0x0000000000000000        0xc /Users/ncoronges/Projects/led_watch/big_led/lib/libpebble.a(tmpU6Z9e6pebble_os.o)
 .text.graphics_draw_round_rect
                0x0000000000000000        0xc /Users/ncoronges/Projects/led_watch/big_led/lib/libpebble.a(tmpU6Z9e6pebble_os.o)
 .text.gpath_init
                0x0000000000000000        0xc /Users/ncoronges/Projects/led_watch/big_led/lib/libpebble.a(tmpU6Z9e6pebble_os.o)
 .text.gpath_move_to
                0x0000000000000000        0xc /Users/ncoronges/Projects/led_watch/big_led/lib/libpebble.a(tmpU6Z9e6pebble_os.o)
 .text.gpath_rotate_to
                0x0000000000000000        0xc /Users/ncoronges/Projects/led_watch/big_led/lib/libpebble.a(tmpU6Z9e6pebble_os.o)
 .text.gpath_draw_outline
                0x0000000000000000        0xc /Users/ncoronges/Projects/led_watch/big_led/lib/libpebble.a(tmpU6Z9e6pebble_os.o)
 .text.gpath_draw_filled
                0x0000000000000000        0xc /Users/ncoronges/Projects/led_watch/big_led/lib/libpebble.a(tmpU6Z9e6pebble_os.o)
 .text.grect_center_point
                0x0000000000000000        0xc /Users/ncoronges/Projects/led_watch/big_led/lib/libpebble.a(tmpU6Z9e6pebble_os.o)
 .text.layer_mark_dirty
                0x0000000000000000        0xc /Users/ncoronges/Projects/led_watch/big_led/lib/libpebble.a(tmpU6Z9e6pebble_os.o)
 .text.layer_get_frame
                0x0000000000000000        0xc /Users/ncoronges/Projects/led_watch/big_led/lib/libpebble.a(tmpU6Z9e6pebble_os.o)
 .text.layer_set_frame
                0x0000000000000000        0xc /Users/ncoronges/Projects/led_watch/big_led/lib/libpebble.a(tmpU6Z9e6pebble_os.o)
 .text.layer_set_hidden
                0x0000000000000000        0xc /Users/ncoronges/Projects/led_watch/big_led/lib/libpebble.a(tmpU6Z9e6pebble_os.o)
 .text.layer_init
                0x0000000000000000        0xc /Users/ncoronges/Projects/led_watch/big_led/lib/libpebble.a(tmpU6Z9e6pebble_os.o)
 .text.light_enable
                0x0000000000000000        0xc /Users/ncoronges/Projects/led_watch/big_led/lib/libpebble.a(tmpU6Z9e6pebble_os.o)
 .text.light_enable_interaction
                0x0000000000000000        0xc /Users/ncoronges/Projects/led_watch/big_led/lib/libpebble.a(tmpU6Z9e6pebble_os.o)
 .text.psleep   0x0000000000000000        0xc /Users/ncoronges/Projects/led_watch/big_led/lib/libpebble.a(tmpU6Z9e6pebble_os.o)
 .text.resource_get_handle
                0x0000000000000000        0xc /Users/ncoronges/Projects/led_watch/big_led/lib/libpebble.a(tmpU6Z9e6pebble_os.o)
 .text.resource_load
                0x0000000000000000        0xc /Users/ncoronges/Projects/led_watch/big_led/lib/libpebble.a(tmpU6Z9e6pebble_os.o)
 .text.resource_load_byte_range
                0x0000000000000000        0xc /Users/ncoronges/Projects/led_watch/big_led/lib/libpebble.a(tmpU6Z9e6pebble_os.o)
 .text.resource_size
                0x0000000000000000        0xc /Users/ncoronges/Projects/led_watch/big_led/lib/libpebble.a(tmpU6Z9e6pebble_os.o)
 .text.rotbmp_deinit_container
                0x0000000000000000        0xc /Users/ncoronges/Projects/led_watch/big_led/lib/libpebble.a(tmpU6Z9e6pebble_os.o)
 .text.rotbmp_init_container
                0x0000000000000000        0xc /Users/ncoronges/Projects/led_watch/big_led/lib/libpebble.a(tmpU6Z9e6pebble_os.o)
 .text.rotbmp_pair_deinit_container
                0x0000000000000000        0xc /Users/ncoronges/Projects/led_watch/big_led/lib/libpebble.a(tmpU6Z9e6pebble_os.o)
 .text.rotbmp_pair_init_container
                0x0000000000000000        0xc /Users/ncoronges/Projects/led_watch/big_led/lib/libpebble.a(tmpU6Z9e6pebble_os.o)
 .text.rotbmp_pair_layer_set_src_ic
                0x0000000000000000        0xc /Users/ncoronges/Projects/led_watch/big_led/lib/libpebble.a(tmpU6Z9e6pebble_os.o)
 .text.rotbmp_pair_layer_set_angle
                0x0000000000000000        0xc /Users/ncoronges/Projects/led_watch/big_led/lib/libpebble.a(tmpU6Z9e6pebble_os.o)
 .text.window_set_click_config_provider
                0x0000000000000000        0xc /Users/ncoronges/Projects/led_watch/big_led/lib/libpebble.a(tmpU6Z9e6pebble_os.o)
 .text.window_render
                0x0000000000000000        0xc /Users/ncoronges/Projects/led_watch/big_led/lib/libpebble.a(tmpU6Z9e6pebble_os.o)
 .text.window_set_fullscreen
                0x0000000000000000        0xc /Users/ncoronges/Projects/led_watch/big_led/lib/libpebble.a(tmpU6Z9e6pebble_os.o)
 .text.sin_lookup
                0x0000000000000000        0xc /Users/ncoronges/Projects/led_watch/big_led/lib/libpebble.a(tmpU6Z9e6pebble_os.o)
 .text.string_format_time
                0x0000000000000000        0xc /Users/ncoronges/Projects/led_watch/big_led/lib/libpebble.a(tmpU6Z9e6pebble_os.o)
 .text.text_layer_init
                0x0000000000000000        0xc /Users/ncoronges/Projects/led_watch/big_led/lib/libpebble.a(tmpU6Z9e6pebble_os.o)
 .text.text_layer_get_text
                0x0000000000000000        0xc /Users/ncoronges/Projects/led_watch/big_led/lib/libpebble.a(tmpU6Z9e6pebble_os.o)
 .text.text_layer_set_text
                0x0000000000000000        0xc /Users/ncoronges/Projects/led_watch/big_led/lib/libpebble.a(tmpU6Z9e6pebble_os.o)
 .text.text_layer_set_font
                0x0000000000000000        0xc /Users/ncoronges/Projects/led_watch/big_led/lib/libpebble.a(tmpU6Z9e6pebble_os.o)
 .text.text_layer_set_text_color
                0x0000000000000000        0xc /Users/ncoronges/Projects/led_watch/big_led/lib/libpebble.a(tmpU6Z9e6pebble_os.o)
 .text.text_layer_set_background_color
                0x0000000000000000        0xc /Users/ncoronges/Projects/led_watch/big_led/lib/libpebble.a(tmpU6Z9e6pebble_os.o)
 .text.vibes_double_pulse
                0x0000000000000000        0xc /Users/ncoronges/Projects/led_watch/big_led/lib/libpebble.a(tmpU6Z9e6pebble_os.o)
 .text.vibes_enqueue_custom_pattern
                0x0000000000000000        0xc /Users/ncoronges/Projects/led_watch/big_led/lib/libpebble.a(tmpU6Z9e6pebble_os.o)
 .text.vibes_long_pulse
                0x0000000000000000        0xc /Users/ncoronges/Projects/led_watch/big_led/lib/libpebble.a(tmpU6Z9e6pebble_os.o)
 .text.vibes_short_pulse
                0x0000000000000000        0xc /Users/ncoronges/Projects/led_watch/big_led/lib/libpebble.a(tmpU6Z9e6pebble_os.o)
 .text.app_get_current_graphics_context
                0x0000000000000000        0xc /Users/ncoronges/Projects/led_watch/big_led/lib/libpebble.a(tmpU6Z9e6pebble_os.o)
 .text.property_animation_init_layer_frame
                0x0000000000000000        0xc /Users/ncoronges/Projects/led_watch/big_led/lib/libpebble.a(tmpU6Z9e6pebble_os.o)
 .text.text_layer_set_text_alignment
                0x0000000000000000        0xc /Users/ncoronges/Projects/led_watch/big_led/lib/libpebble.a(tmpU6Z9e6pebble_os.o)
 .text.graphics_draw_bitmap_in_rect
                0x0000000000000000        0xc /Users/ncoronges/Projects/led_watch/big_led/lib/libpebble.a(tmpU6Z9e6pebble_os.o)
 .text.graphics_text_draw
                0x0000000000000000        0xc /Users/ncoronges/Projects/led_watch/big_led/lib/libpebble.a(tmpU6Z9e6pebble_os.o)
 .text.layer_set_bounds
                0x0000000000000000        0xc /Users/ncoronges/Projects/led_watch/big_led/lib/libpebble.a(tmpU6Z9e6pebble_os.o)
 .text.layer_get_bounds
                0x0000000000000000        0xc /Users/ncoronges/Projects/led_watch/big_led/lib/libpebble.a(tmpU6Z9e6pebble_os.o)
 .text.layer_set_update_proc
                0x0000000000000000        0xc /Users/ncoronges/Projects/led_watch/big_led/lib/libpebble.a(tmpU6Z9e6pebble_os.o)
 .text.layer_get_window
                0x0000000000000000        0xc /Users/ncoronges/Projects/led_watch/big_led/lib/libpebble.a(tmpU6Z9e6pebble_os.o)
 .text.layer_remove_child_layers
                0x0000000000000000        0xc /Users/ncoronges/Projects/led_watch/big_led/lib/libpebble.a(tmpU6Z9e6pebble_os.o)
 .text.layer_insert_below_sibling
                0x0000000000000000        0xc /Users/ncoronges/Projects/led_watch/big_led/lib/libpebble.a(tmpU6Z9e6pebble_os.o)
 .text.layer_insert_above_sibling
                0x0000000000000000        0xc /Users/ncoronges/Projects/led_watch/big_led/lib/libpebble.a(tmpU6Z9e6pebble_os.o)
 .text.layer_get_hidden
                0x0000000000000000        0xc /Users/ncoronges/Projects/led_watch/big_led/lib/libpebble.a(tmpU6Z9e6pebble_os.o)
 .text.layer_set_clips
                0x0000000000000000        0xc /Users/ncoronges/Projects/led_watch/big_led/lib/libpebble.a(tmpU6Z9e6pebble_os.o)
 .text.layer_get_clips
                0x0000000000000000        0xc /Users/ncoronges/Projects/led_watch/big_led/lib/libpebble.a(tmpU6Z9e6pebble_os.o)
 .text.text_layer_get_max_used_size
                0x0000000000000000        0xc /Users/ncoronges/Projects/led_watch/big_led/lib/libpebble.a(tmpU6Z9e6pebble_os.o)
 .text.text_layer_set_size
                0x0000000000000000        0xc /Users/ncoronges/Projects/led_watch/big_led/lib/libpebble.a(tmpU6Z9e6pebble_os.o)
 .text.text_layer_set_overflow_mode
                0x0000000000000000        0xc /Users/ncoronges/Projects/led_watch/big_led/lib/libpebble.a(tmpU6Z9e6pebble_os.o)
 .text.graphics_text_layout_get_max_used_size
                0x0000000000000000        0xc /Users/ncoronges/Projects/led_watch/big_led/lib/libpebble.a(tmpU6Z9e6pebble_os.o)
 .text.inverter_layer_init
                0x0000000000000000        0xc /Users/ncoronges/Projects/led_watch/big_led/lib/libpebble.a(tmpU6Z9e6pebble_os.o)
 .text.bitmap_layer_init
                0x0000000000000000        0xc /Users/ncoronges/Projects/led_watch/big_led/lib/libpebble.a(tmpU6Z9e6pebble_os.o)
 .text.bitmap_layer_set_bitmap
                0x0000000000000000        0xc /Users/ncoronges/Projects/led_watch/big_led/lib/libpebble.a(tmpU6Z9e6pebble_os.o)
 .text.bitmap_layer_set_alignment
                0x0000000000000000        0xc /Users/ncoronges/Projects/led_watch/big_led/lib/libpebble.a(tmpU6Z9e6pebble_os.o)
 .text.bitmap_layer_set_background_color
                0x0000000000000000        0xc /Users/ncoronges/Projects/led_watch/big_led/lib/libpebble.a(tmpU6Z9e6pebble_os.o)
 .text.bitmap_layer_set_compositing_mode
                0x0000000000000000        0xc /Users/ncoronges/Projects/led_watch/big_led/lib/libpebble.a(tmpU6Z9e6pebble_os.o)
 .text.heap_bitmap_init
                0x0000000000000000        0xc /Users/ncoronges/Projects/led_watch/big_led/lib/libpebble.a(tmpU6Z9e6pebble_os.o)
 .text.heap_bitmap_deinit
                0x0000000000000000        0xc /Users/ncoronges/Projects/led_watch/big_led/lib/libpebble.a(tmpU6Z9e6pebble_os.o)
 .text.click_recognizer_get_button_id
                0x0000000000000000        0xc /Users/ncoronges/Projects/led_watch/big_led/lib/libpebble.a(tmpU6Z9e6pebble_os.o)
 .text.click_number_of_clicks_counted
                0x0000000000000000        0xc /Users/ncoronges/Projects/led_watch/big_led/lib/libpebble.a(tmpU6Z9e6pebble_os.o)
 .text.menu_cell_basic_draw
                0x0000000000000000        0xc /Users/ncoronges/Projects/led_watch/big_led/lib/libpebble.a(tmpU6Z9e6pebble_os.o)
 .text.menu_cell_title_draw
                0x0000000000000000        0xc /Users/ncoronges/Projects/led_watch/big_led/lib/libpebble.a(tmpU6Z9e6pebble_os.o)
 .text.menu_cell_basic_header_draw
                0x0000000000000000        0xc /Users/ncoronges/Projects/led_watch/big_led/lib/libpebble.a(tmpU6Z9e6pebble_os.o)
 .text.menu_layer_init
                0x0000000000000000        0xc /Users/ncoronges/Projects/led_watch/big_led/lib/libpebble.a(tmpU6Z9e6pebble_os.o)
 .text.menu_layer_get_layer
                0x0000000000000000        0xc /Users/ncoronges/Projects/led_watch/big_led/lib/libpebble.a(tmpU6Z9e6pebble_os.o)
 .text.menu_layer_set_callbacks
                0x0000000000000000        0xc /Users/ncoronges/Projects/led_watch/big_led/lib/libpebble.a(tmpU6Z9e6pebble_os.o)
 .text.menu_layer_set_click_config_onto_window
                0x0000000000000000        0xc /Users/ncoronges/Projects/led_watch/big_led/lib/libpebble.a(tmpU6Z9e6pebble_os.o)
 .text.menu_layer_set_selected_next
                0x0000000000000000        0xc /Users/ncoronges/Projects/led_watch/big_led/lib/libpebble.a(tmpU6Z9e6pebble_os.o)
 .text.menu_layer_set_selected_index
                0x0000000000000000        0xc /Users/ncoronges/Projects/led_watch/big_led/lib/libpebble.a(tmpU6Z9e6pebble_os.o)
 .text.menu_layer_reload_data
                0x0000000000000000        0xc /Users/ncoronges/Projects/led_watch/big_led/lib/libpebble.a(tmpU6Z9e6pebble_os.o)
 .text.menu_index_compare
                0x0000000000000000        0xc /Users/ncoronges/Projects/led_watch/big_led/lib/libpebble.a(tmpU6Z9e6pebble_os.o)
 .text.scroll_layer_init
                0x0000000000000000        0xc /Users/ncoronges/Projects/led_watch/big_led/lib/libpebble.a(tmpU6Z9e6pebble_os.o)
 .text.scroll_layer_add_child
                0x0000000000000000        0xc /Users/ncoronges/Projects/led_watch/big_led/lib/libpebble.a(tmpU6Z9e6pebble_os.o)
 .text.scroll_layer_set_click_config_onto_window
                0x0000000000000000        0xc /Users/ncoronges/Projects/led_watch/big_led/lib/libpebble.a(tmpU6Z9e6pebble_os.o)
 .text.scroll_layer_set_callbacks
                0x0000000000000000        0xc /Users/ncoronges/Projects/led_watch/big_led/lib/libpebble.a(tmpU6Z9e6pebble_os.o)
 .text.scroll_layer_set_context
                0x0000000000000000        0xc /Users/ncoronges/Projects/led_watch/big_led/lib/libpebble.a(tmpU6Z9e6pebble_os.o)
 .text.scroll_layer_set_content_offset
                0x0000000000000000        0xc /Users/ncoronges/Projects/led_watch/big_led/lib/libpebble.a(tmpU6Z9e6pebble_os.o)
 .text.scroll_layer_get_content_offset
                0x0000000000000000        0xc /Users/ncoronges/Projects/led_watch/big_led/lib/libpebble.a(tmpU6Z9e6pebble_os.o)
 .text.scroll_layer_set_content_size
                0x0000000000000000        0xc /Users/ncoronges/Projects/led_watch/big_led/lib/libpebble.a(tmpU6Z9e6pebble_os.o)
 .text.scroll_layer_get_content_size
                0x0000000000000000        0xc /Users/ncoronges/Projects/led_watch/big_led/lib/libpebble.a(tmpU6Z9e6pebble_os.o)
 .text.scroll_layer_set_frame
                0x0000000000000000        0xc /Users/ncoronges/Projects/led_watch/big_led/lib/libpebble.a(tmpU6Z9e6pebble_os.o)
 .text.scroll_layer_scroll_up_click_handler
                0x0000000000000000        0xc /Users/ncoronges/Projects/led_watch/big_led/lib/libpebble.a(tmpU6Z9e6pebble_os.o)
 .text.scroll_layer_scroll_down_click_handler
                0x0000000000000000        0xc /Users/ncoronges/Projects/led_watch/big_led/lib/libpebble.a(tmpU6Z9e6pebble_os.o)
 .text.simple_menu_layer_init
                0x0000000000000000        0xc /Users/ncoronges/Projects/led_watch/big_led/lib/libpebble.a(tmpU6Z9e6pebble_os.o)
 .text.simple_menu_layer_get_layer
                0x0000000000000000        0xc /Users/ncoronges/Projects/led_watch/big_led/lib/libpebble.a(tmpU6Z9e6pebble_os.o)
 .text.simple_menu_layer_get_selected_index
                0x0000000000000000        0xc /Users/ncoronges/Projects/led_watch/big_led/lib/libpebble.a(tmpU6Z9e6pebble_os.o)
 .text.simple_menu_layer_set_selected_index
                0x0000000000000000        0xc /Users/ncoronges/Projects/led_watch/big_led/lib/libpebble.a(tmpU6Z9e6pebble_os.o)
 .text.window_deinit
                0x0000000000000000        0xc /Users/ncoronges/Projects/led_watch/big_led/lib/libpebble.a(tmpU6Z9e6pebble_os.o)
 .text.window_set_click_config_provider_with_context
                0x0000000000000000        0xc /Users/ncoronges/Projects/led_watch/big_led/lib/libpebble.a(tmpU6Z9e6pebble_os.o)
 .text.window_get_click_config_provider
                0x0000000000000000        0xc /Users/ncoronges/Projects/led_watch/big_led/lib/libpebble.a(tmpU6Z9e6pebble_os.o)
 .text.window_set_window_handlers
                0x0000000000000000        0xc /Users/ncoronges/Projects/led_watch/big_led/lib/libpebble.a(tmpU6Z9e6pebble_os.o)
 .text.window_get_root_layer
                0x0000000000000000        0xc /Users/ncoronges/Projects/led_watch/big_led/lib/libpebble.a(tmpU6Z9e6pebble_os.o)
 .text.window_get_fullscreen
                0x0000000000000000        0xc /Users/ncoronges/Projects/led_watch/big_led/lib/libpebble.a(tmpU6Z9e6pebble_os.o)
 .text.window_set_status_bar_icon
                0x0000000000000000        0xc /Users/ncoronges/Projects/led_watch/big_led/lib/libpebble.a(tmpU6Z9e6pebble_os.o)
 .text.window_is_loaded
                0x0000000000000000        0xc /Users/ncoronges/Projects/led_watch/big_led/lib/libpebble.a(tmpU6Z9e6pebble_os.o)
 .text.window_stack_pop
                0x0000000000000000        0xc /Users/ncoronges/Projects/led_watch/big_led/lib/libpebble.a(tmpU6Z9e6pebble_os.o)
 .text.window_stack_pop_all
                0x0000000000000000        0xc /Users/ncoronges/Projects/led_watch/big_led/lib/libpebble.a(tmpU6Z9e6pebble_os.o)
 .text.window_stack_contains_window
                0x0000000000000000        0xc /Users/ncoronges/Projects/led_watch/big_led/lib/libpebble.a(tmpU6Z9e6pebble_os.o)
 .text.window_stack_get_top_window
                0x0000000000000000        0xc /Users/ncoronges/Projects/led_watch/big_led/lib/libpebble.a(tmpU6Z9e6pebble_os.o)
 .text.window_stack_remove
                0x0000000000000000        0xc /Users/ncoronges/Projects/led_watch/big_led/lib/libpebble.a(tmpU6Z9e6pebble_os.o)
 .text.property_animation_init
                0x0000000000000000        0xc /Users/ncoronges/Projects/led_watch/big_led/lib/libpebble.a(tmpU6Z9e6pebble_os.o)
 .text.property_animation_update_int16
                0x0000000000000000        0xc /Users/ncoronges/Projects/led_watch/big_led/lib/libpebble.a(tmpU6Z9e6pebble_os.o)
 .text.property_animation_update_gpoint
                0x0000000000000000        0xc /Users/ncoronges/Projects/led_watch/big_led/lib/libpebble.a(tmpU6Z9e6pebble_os.o)
 .text.property_animation_update_grect
                0x0000000000000000        0xc /Users/ncoronges/Projects/led_watch/big_led/lib/libpebble.a(tmpU6Z9e6pebble_os.o)
 .text.app_message_register_callbacks
                0x0000000000000000        0xc /Users/ncoronges/Projects/led_watch/big_led/lib/libpebble.a(tmpU6Z9e6pebble_os.o)
 .text.app_message_deregister_callbacks
                0x0000000000000000        0xc /Users/ncoronges/Projects/led_watch/big_led/lib/libpebble.a(tmpU6Z9e6pebble_os.o)
 .text.app_message_out_get
                0x0000000000000000        0xc /Users/ncoronges/Projects/led_watch/big_led/lib/libpebble.a(tmpU6Z9e6pebble_os.o)
 .text.app_message_out_send
                0x0000000000000000        0xc /Users/ncoronges/Projects/led_watch/big_led/lib/libpebble.a(tmpU6Z9e6pebble_os.o)
 .text.app_message_out_release
                0x0000000000000000        0xc /Users/ncoronges/Projects/led_watch/big_led/lib/libpebble.a(tmpU6Z9e6pebble_os.o)
 .text.app_sync_init
                0x0000000000000000        0xc /Users/ncoronges/Projects/led_watch/big_led/lib/libpebble.a(tmpU6Z9e6pebble_os.o)
 .text.app_sync_deinit
                0x0000000000000000        0xc /Users/ncoronges/Projects/led_watch/big_led/lib/libpebble.a(tmpU6Z9e6pebble_os.o)
 .text.app_sync_set
                0x0000000000000000        0xc /Users/ncoronges/Projects/led_watch/big_led/lib/libpebble.a(tmpU6Z9e6pebble_os.o)
 .text.app_sync_get
                0x0000000000000000        0xc /Users/ncoronges/Projects/led_watch/big_led/lib/libpebble.a(tmpU6Z9e6pebble_os.o)
 .text.dict_calc_buffer_size
                0x0000000000000000        0xc /Users/ncoronges/Projects/led_watch/big_led/lib/libpebble.a(tmpU6Z9e6pebble_os.o)
 .text.dict_write_begin
                0x0000000000000000        0xc /Users/ncoronges/Projects/led_watch/big_led/lib/libpebble.a(tmpU6Z9e6pebble_os.o)
 .text.dict_write_data
                0x0000000000000000        0xc /Users/ncoronges/Projects/led_watch/big_led/lib/libpebble.a(tmpU6Z9e6pebble_os.o)
 .text.dict_write_cstring
                0x0000000000000000        0xc /Users/ncoronges/Projects/led_watch/big_led/lib/libpebble.a(tmpU6Z9e6pebble_os.o)
 .text.dict_write_int
                0x0000000000000000        0xc /Users/ncoronges/Projects/led_watch/big_led/lib/libpebble.a(tmpU6Z9e6pebble_os.o)
 .text.dict_write_uint8
                0x0000000000000000        0xc /Users/ncoronges/Projects/led_watch/big_led/lib/libpebble.a(tmpU6Z9e6pebble_os.o)
 .text.dict_write_uint16
                0x0000000000000000        0xc /Users/ncoronges/Projects/led_watch/big_led/lib/libpebble.a(tmpU6Z9e6pebble_os.o)
 .text.dict_write_uint32
                0x0000000000000000        0xc /Users/ncoronges/Projects/led_watch/big_led/lib/libpebble.a(tmpU6Z9e6pebble_os.o)
 .text.dict_write_int8
                0x0000000000000000        0xc /Users/ncoronges/Projects/led_watch/big_led/lib/libpebble.a(tmpU6Z9e6pebble_os.o)
 .text.dict_write_int16
                0x0000000000000000        0xc /Users/ncoronges/Projects/led_watch/big_led/lib/libpebble.a(tmpU6Z9e6pebble_os.o)
 .text.dict_write_int32
                0x0000000000000000        0xc /Users/ncoronges/Projects/led_watch/big_led/lib/libpebble.a(tmpU6Z9e6pebble_os.o)
 .text.dict_write_end
                0x0000000000000000        0xc /Users/ncoronges/Projects/led_watch/big_led/lib/libpebble.a(tmpU6Z9e6pebble_os.o)
 .text.dict_read_begin_from_buffer
                0x0000000000000000        0xc /Users/ncoronges/Projects/led_watch/big_led/lib/libpebble.a(tmpU6Z9e6pebble_os.o)
 .text.dict_read_next
                0x0000000000000000        0xc /Users/ncoronges/Projects/led_watch/big_led/lib/libpebble.a(tmpU6Z9e6pebble_os.o)
 .text.dict_read_first
                0x0000000000000000        0xc /Users/ncoronges/Projects/led_watch/big_led/lib/libpebble.a(tmpU6Z9e6pebble_os.o)
 .text.dict_serialize_tuplets
                0x0000000000000000        0xc /Users/ncoronges/Projects/led_watch/big_led/lib/libpebble.a(tmpU6Z9e6pebble_os.o)
 .text.dict_serialize_tuplets_to_buffer
                0x0000000000000000        0xc /Users/ncoronges/Projects/led_watch/big_led/lib/libpebble.a(tmpU6Z9e6pebble_os.o)
 .text.dict_serialize_tuplets_to_buffer_with_iter
                0x0000000000000000        0xc /Users/ncoronges/Projects/led_watch/big_led/lib/libpebble.a(tmpU6Z9e6pebble_os.o)
 .text.dict_write_tuplet
                0x0000000000000000        0xc /Users/ncoronges/Projects/led_watch/big_led/lib/libpebble.a(tmpU6Z9e6pebble_os.o)
 .text.dict_calc_buffer_size_from_tuplets
                0x0000000000000000        0xc /Users/ncoronges/Projects/led_watch/big_led/lib/libpebble.a(tmpU6Z9e6pebble_os.o)
 .text.dict_merge
                0x0000000000000000        0xc /Users/ncoronges/Projects/led_watch/big_led/lib/libpebble.a(tmpU6Z9e6pebble_os.o)
 .text.dict_find
                0x0000000000000000        0xc /Users/ncoronges/Projects/led_watch/big_led/lib/libpebble.a(tmpU6Z9e6pebble_os.o)
 .text.action_bar_layer_init
                0x0000000000000000        0xc /Users/ncoronges/Projects/led_watch/big_led/lib/libpebble.a(tmpU6Z9e6pebble_os.o)
 .text.action_bar_layer_set_context
                0x0000000000000000        0xc /Users/ncoronges/Projects/led_watch/big_led/lib/libpebble.a(tmpU6Z9e6pebble_os.o)
 .text.action_bar_layer_set_click_config_provider
                0x0000000000000000        0xc /Users/ncoronges/Projects/led_watch/big_led/lib/libpebble.a(tmpU6Z9e6pebble_os.o)
 .text.action_bar_layer_set_icon
                0x0000000000000000        0xc /Users/ncoronges/Projects/led_watch/big_led/lib/libpebble.a(tmpU6Z9e6pebble_os.o)
 .text.action_bar_layer_clear_icon
                0x0000000000000000        0xc /Users/ncoronges/Projects/led_watch/big_led/lib/libpebble.a(tmpU6Z9e6pebble_os.o)
 .text.action_bar_layer_add_to_window
                0x0000000000000000        0xc /Users/ncoronges/Projects/led_watch/big_led/lib/libpebble.a(tmpU6Z9e6pebble_os.o)
 .text.action_bar_layer_remove_from_window
                0x0000000000000000        0xc /Users/ncoronges/Projects/led_watch/big_led/lib/libpebble.a(tmpU6Z9e6pebble_os.o)
 .text.action_bar_layer_set_background_color
                0x0000000000000000        0xc /Users/ncoronges/Projects/led_watch/big_led/lib/libpebble.a(tmpU6Z9e6pebble_os.o)
 .text.number_window_init
                0x0000000000000000        0xc /Users/ncoronges/Projects/led_watch/big_led/lib/libpebble.a(tmpU6Z9e6pebble_os.o)
 .text.number_window_set_label
                0x0000000000000000        0xc /Users/ncoronges/Projects/led_watch/big_led/lib/libpebble.a(tmpU6Z9e6pebble_os.o)
 .text.number_window_set_max
                0x0000000000000000        0xc /Users/ncoronges/Projects/led_watch/big_led/lib/libpebble.a(tmpU6Z9e6pebble_os.o)
 .text.number_window_set_min
                0x0000000000000000        0xc /Users/ncoronges/Projects/led_watch/big_led/lib/libpebble.a(tmpU6Z9e6pebble_os.o)
 .text.number_window_set_value
                0x0000000000000000        0xc /Users/ncoronges/Projects/led_watch/big_led/lib/libpebble.a(tmpU6Z9e6pebble_os.o)
 .text.number_window_set_step_size
                0x0000000000000000        0xc /Users/ncoronges/Projects/led_watch/big_led/lib/libpebble.a(tmpU6Z9e6pebble_os.o)
 .text.number_window_get_value
                0x0000000000000000        0xc /Users/ncoronges/Projects/led_watch/big_led/lib/libpebble.a(tmpU6Z9e6pebble_os.o)
 .text.clock_copy_time_string
                0x0000000000000000        0xc /Users/ncoronges/Projects/led_watch/big_led/lib/libpebble.a(tmpU6Z9e6pebble_os.o)
 .text.gbitmap_init_as_sub_bitmap
                0x0000000000000000        0xc /Users/ncoronges/Projects/led_watch/big_led/lib/libpebble.a(tmpU6Z9e6pebble_os.o)
 .text.gbitmap_init_with_data
                0x0000000000000000        0xc /Users/ncoronges/Projects/led_watch/big_led/lib/libpebble.a(tmpU6Z9e6pebble_os.o)
 .text          0x0000000000000000        0x0 /Users/ncoronges/Projects/Pebble/arm-cs-tools/bin/../lib/gcc/arm-none-eabi/4.6.3/../../../../arm-none-eabi/lib/thumb2/libc.a(lib_a-memset.o)
 .bss           0x0000000000000000        0x0 /Users/ncoronges/Projects/Pebble/arm-cs-tools/bin/../lib/gcc/arm-none-eabi/4.6.3/../../../../arm-none-eabi/lib/thumb2/libc.a(lib_a-memset.o)
 .text          0x0000000000000000        0x0 /Users/ncoronges/Projects/Pebble/arm-cs-tools/bin/../lib/gcc/arm-none-eabi/4.6.3/thumb2/crtend.o
 .bss           0x0000000000000000        0x0 /Users/ncoronges/Projects/Pebble/arm-cs-tools/bin/../lib/gcc/arm-none-eabi/4.6.3/thumb2/crtend.o
 .eh_frame      0x0000000000000000        0x4 /Users/ncoronges/Projects/Pebble/arm-cs-tools/bin/../lib/gcc/arm-none-eabi/4.6.3/thumb2/crtend.o
 .jcr           0x0000000000000000        0x4 /Users/ncoronges/Projects/Pebble/arm-cs-tools/bin/../lib/gcc/arm-none-eabi/4.6.3/thumb2/crtend.o
 .text          0x0000000000000000        0x0 /Users/ncoronges/Projects/Pebble/arm-cs-tools/bin/../lib/gcc/arm-none-eabi/4.6.3/thumb2/crtn.o
 .bss           0x0000000000000000        0x0 /Users/ncoronges/Projects/Pebble/arm-cs-tools/bin/../lib/gcc/arm-none-eabi/4.6.3/thumb2/crtn.o
 .init          0x0000000000000000        0x8 /Users/ncoronges/Projects/Pebble/arm-cs-tools/bin/../lib/gcc/arm-none-eabi/4.6.3/thumb2/crtn.o
 .fini          0x0000000000000000        0x8 /Users/ncoronges/Projects/Pebble/arm-cs-tools/bin/../lib/gcc/arm-none-eabi/4.6.3/thumb2/crtn.o

Memory Configuration

Name             Origin             Length             Attributes
APP              0x0000000000000000 0x0000000000006000 xrw
*default*        0x0000000000000000 0xffffffffffffffff

Linker script and memory map

LOAD /Users/ncoronges/Projects/Pebble/arm-cs-tools/bin/../lib/gcc/arm-none-eabi/4.6.3/thumb2/crti.o
LOAD /Users/ncoronges/Projects/Pebble/arm-cs-tools/bin/../lib/gcc/arm-none-eabi/4.6.3/thumb2/crtbegin.o
LOAD src/big_led.c.1.o
LOAD /Users/ncoronges/Projects/led_watch/big_led/lib/libpebble.a
START GROUP
LOAD /Users/ncoronges/Projects/Pebble/arm-cs-tools/bin/../lib/gcc/arm-none-eabi/4.6.3/thumb2/libgcc.a
LOAD /Users/ncoronges/Projects/Pebble/arm-cs-tools/bin/../lib/gcc/arm-none-eabi/4.6.3/../../../../arm-none-eabi/lib/thumb2/libc.a
END GROUP
LOAD /Users/ncoronges/Projects/Pebble/arm-cs-tools/bin/../lib/gcc/arm-none-eabi/4.6.3/thumb2/crtend.o
LOAD /Users/ncoronges/Projects/Pebble/arm-cs-tools/bin/../lib/gcc/arm-none-eabi/4.6.3/thumb2/crtn.o

.header         0x0000000000000000       0x7c
 *(.pbl_header)
 .pbl_header    0x0000000000000000       0x7c src/big_led.c.1.o
                0x0000000000000000                __pbl_app_info

.rodata.APP_RESOURCES
                0x000000000000007c       0x18
 .rodata.APP_RESOURCES
                0x000000000000007c       0x18 src/big_led.c.1.o

.rodata.str1.1  0x0000000000000094        0xf
 .rodata.str1.1
                0x0000000000000094        0xf src/big_led.c.1.o

.rodata.IMAGE_RESOURCE_IDS
                0x00000000000000a4       0x28
 .rodata.IMAGE_RESOURCE_IDS
                0x00000000000000a4       0x28 src/big_led.c.1.o
                0x00000000000000a4                IMAGE_RESOURCE_IDS

.text           0x00000000000000cc       0x14
 *(.text)
 .text          0x00000000000000cc       0x14 /Users/ncoronges/Projects/led_watch/big_led/lib/libpebble.a(tmpU6Z9e6pebble_os.o)

.glue_7         0x00000000000000e0        0x0
 .glue_7        0x0000000000000000        0x0 linker stubs

.glue_7t        0x00000000000000e0        0x0
 .glue_7t       0x0000000000000000        0x0 linker stubs

.vfp11_veneer   0x00000000000000e0        0x0
 .vfp11_veneer  0x0000000000000000        0x0 linker stubs

.v4_bx          0x00000000000000e0        0x0
 .v4_bx         0x0000000000000000        0x0 linker stubs

.iplt           0x00000000000000e0        0x0
 .iplt          0x0000000000000000        0x0 /Users/ncoronges/Projects/Pebble/arm-cs-tools/bin/../lib/gcc/arm-none-eabi/4.6.3/thumb2/crti.o

.text.load_digit_image_into_slot
                0x00000000000000e0       0x7c
 .text.load_digit_image_into_slot
                0x00000000000000e0       0x7c src/big_led.c.1.o
                0x00000000000000e0                load_digit_image_into_slot

.text.unload_digit_image_from_slot
                0x000000000000015c       0x40
 .text.unload_digit_image_from_slot
                0x000000000000015c       0x40 src/big_led.c.1.o
                0x000000000000015c                unload_digit_image_from_slot

.text.handle_deinit
                0x000000000000019c       0x1e
 .text.handle_deinit
                0x000000000000019c       0x1e src/big_led.c.1.o
                0x000000000000019c                handle_deinit

.text.display_value
                0x00000000000001ba       0x58
 .text.display_value
                0x00000000000001ba       0x58 src/big_led.c.1.o
                0x00000000000001ba                display_value

.text.get_display_hour
                0x0000000000000212       0x20
 .text.get_display_hour
                0x0000000000000212       0x20 src/big_led.c.1.o
                0x0000000000000212                get_display_hour

.text.display_time
                0x0000000000000232       0x20
 .text.display_time
                0x0000000000000232       0x20 src/big_led.c.1.o
                0x0000000000000232                display_time

.text.handle_init
                0x0000000000000254       0x50
 .text.handle_init
                0x0000000000000254       0x50 src/big_led.c.1.o
                0x0000000000000254                handle_init

.text.handle_minute_tick
                0x00000000000002a4        0x6
 .text.handle_minute_tick
                0x00000000000002a4        0x6 src/big_led.c.1.o
                0x00000000000002a4                handle_minute_tick

.text.pbl_main  0x00000000000002ac       0x40
 .text.pbl_main
                0x00000000000002ac       0x40 src/big_led.c.1.o
                0x00000000000002ac                pbl_main

.text.app_event_loop
                0x00000000000002ec        0xc
 .text.app_event_loop
                0x00000000000002ec        0xc /Users/ncoronges/Projects/led_watch/big_led/lib/libpebble.a(tmpU6Z9e6pebble_os.o)
                0x00000000000002ec                app_event_loop

.text.bmp_init_container
                0x00000000000002f8        0xc
 .text.bmp_init_container
                0x00000000000002f8        0xc /Users/ncoronges/Projects/led_watch/big_led/lib/libpebble.a(tmpU6Z9e6pebble_os.o)
                0x00000000000002f8                bmp_init_container

.text.bmp_deinit_container
                0x0000000000000304        0xc
 .text.bmp_deinit_container
                0x0000000000000304        0xc /Users/ncoronges/Projects/led_watch/big_led/lib/libpebble.a(tmpU6Z9e6pebble_os.o)
                0x0000000000000304                bmp_deinit_container

.text.get_time  0x0000000000000310        0xc
 .text.get_time
                0x0000000000000310        0xc /Users/ncoronges/Projects/led_watch/big_led/lib/libpebble.a(tmpU6Z9e6pebble_os.o)
                0x0000000000000310                get_time

.text.layer_remove_from_parent
                0x000000000000031c        0xc
 .text.layer_remove_from_parent
                0x000000000000031c        0xc /Users/ncoronges/Projects/led_watch/big_led/lib/libpebble.a(tmpU6Z9e6pebble_os.o)
                0x000000000000031c                layer_remove_from_parent

.text.layer_add_child
                0x0000000000000328        0xc
 .text.layer_add_child
                0x0000000000000328        0xc /Users/ncoronges/Projects/led_watch/big_led/lib/libpebble.a(tmpU6Z9e6pebble_os.o)
                0x0000000000000328                layer_add_child

.text.resource_init_current_app
                0x0000000000000334        0xc
 .text.resource_init_current_app
                0x0000000000000334        0xc /Users/ncoronges/Projects/led_watch/big_led/lib/libpebble.a(tmpU6Z9e6pebble_os.o)
                0x0000000000000334                resource_init_current_app

.text.window_init
                0x0000000000000340        0xc
 .text.window_init
                0x0000000000000340        0xc /Users/ncoronges/Projects/led_watch/big_led/lib/libpebble.a(tmpU6Z9e6pebble_os.o)
                0x0000000000000340                window_init

.text.window_stack_push
                0x000000000000034c        0xc
 .text.window_stack_push
                0x000000000000034c        0xc /Users/ncoronges/Projects/led_watch/big_led/lib/libpebble.a(tmpU6Z9e6pebble_os.o)
                0x000000000000034c                window_stack_push

.text.window_set_background_color
                0x0000000000000358        0xc
 .text.window_set_background_color
                0x0000000000000358        0xc /Users/ncoronges/Projects/led_watch/big_led/lib/libpebble.a(tmpU6Z9e6pebble_os.o)
                0x0000000000000358                window_set_background_color

.text.clock_is_24h_style
                0x0000000000000364        0xc
 .text.clock_is_24h_style
                0x0000000000000364        0xc /Users/ncoronges/Projects/led_watch/big_led/lib/libpebble.a(tmpU6Z9e6pebble_os.o)
                0x0000000000000364                clock_is_24h_style

.text.memset    0x0000000000000370       0x10
 .text.memset   0x0000000000000370       0x10 /Users/ncoronges/Projects/Pebble/arm-cs-tools/bin/../lib/gcc/arm-none-eabi/4.6.3/../../../../arm-none-eabi/lib/thumb2/libc.a(lib_a-memset.o)
                0x0000000000000370                memset

.rel.dyn        0x0000000000000380        0x0
 .rel.iplt      0x0000000000000000        0x0 /Users/ncoronges/Projects/Pebble/arm-cs-tools/bin/../lib/gcc/arm-none-eabi/4.6.3/thumb2/crti.o
 .rel.got       0x0000000000000000        0x0 /Users/ncoronges/Projects/Pebble/arm-cs-tools/bin/../lib/gcc/arm-none-eabi/4.6.3/thumb2/crti.o

.data           0x0000000000000380        0x4
 *(.data)
 .data          0x0000000000000380        0x0 /Users/ncoronges/Projects/Pebble/arm-cs-tools/bin/../lib/gcc/arm-none-eabi/4.6.3/thumb2/crti.o
 .data          0x0000000000000380        0x4 /Users/ncoronges/Projects/Pebble/arm-cs-tools/bin/../lib/gcc/arm-none-eabi/4.6.3/thumb2/crtbegin.o
                0x0000000000000380                __dso_handle
 .data          0x0000000000000384        0x0 src/big_led.c.1.o
 .data          0x0000000000000384        0x0 /Users/ncoronges/Projects/led_watch/big_led/lib/libpebble.a(tmpU6Z9e6pebble_os.o)
 .data          0x0000000000000384        0x0 /Users/ncoronges/Projects/Pebble/arm-cs-tools/bin/../lib/gcc/arm-none-eabi/4.6.3/../../../../arm-none-eabi/lib/thumb2/libc.a(lib_a-memset.o)
 .data          0x0000000000000384        0x0 /Users/ncoronges/Projects/Pebble/arm-cs-tools/bin/../lib/gcc/arm-none-eabi/4.6.3/thumb2/crtend.o
 .data          0x0000000000000384        0x0 /Users/ncoronges/Projects/Pebble/arm-cs-tools/bin/../lib/gcc/arm-none-eabi/4.6.3/thumb2/crtn.o

.igot.plt       0x0000000000000384        0x0
 .igot.plt      0x0000000000000000        0x0 /Users/ncoronges/Projects/Pebble/arm-cs-tools/bin/../lib/gcc/arm-none-eabi/4.6.3/thumb2/crti.o

.got            0x0000000000000384        0x8
 .got           0x0000000000000384        0x8 /Users/ncoronges/Projects/Pebble/arm-cs-tools/bin/../lib/gcc/arm-none-eabi/4.6.3/thumb2/crti.o

.got.plt        0x000000000000038c        0xc
 .got.plt       0x000000000000038c        0xc /Users/ncoronges/Projects/Pebble/arm-cs-tools/bin/../lib/gcc/arm-none-eabi/4.6.3/thumb2/crti.o
                0x000000000000038c                _GLOBAL_OFFSET_TABLE_

.data.image_slot_state
                0x0000000000000398       0x10
 .data.image_slot_state
                0x0000000000000398       0x10 src/big_led.c.1.o
                0x0000000000000398                image_slot_state

.bss            0x00000000000003a8      0x168
 *(.bss)
 COMMON         0x00000000000003a8      0x168 src/big_led.c.1.o
                0x00000000000003a8                image_containers
                0x00000000000004b8                window

DISCARD
 libc.a(*)
 libm.a(*)
 libgcc.a(*)
 *(.eh_frame)
OUTPUT(/Users/ncoronges/Projects/led_watch/big_led/build/pebble-app.elf elf32-littlearm)

.ARM.attributes
                0x0000000000000000       0x27
 .ARM.attributes
                0x0000000000000000       0x1b /Users/ncoronges/Projects/Pebble/arm-cs-tools/bin/../lib/gcc/arm-none-eabi/4.6.3/thumb2/crti.o
 .ARM.attributes
                0x000000000000001b       0x2b /Users/ncoronges/Projects/Pebble/arm-cs-tools/bin/../lib/gcc/arm-none-eabi/4.6.3/thumb2/crtbegin.o
 .ARM.attributes
                0x0000000000000046       0x33 src/big_led.c.1.o
 .ARM.attributes
                0x0000000000000079       0x21 /Users/ncoronges/Projects/led_watch/big_led/lib/libpebble.a(tmpU6Z9e6pebble_os.o)
 .ARM.attributes
                0x000000000000009a       0x2b /Users/ncoronges/Projects/Pebble/arm-cs-tools/bin/../lib/gcc/arm-none-eabi/4.6.3/../../../../arm-none-eabi/lib/thumb2/libc.a(lib_a-memset.o)
 .ARM.attributes
                0x00000000000000c5       0x2b /Users/ncoronges/Projects/Pebble/arm-cs-tools/bin/../lib/gcc/arm-none-eabi/4.6.3/thumb2/crtend.o
 .ARM.attributes
                0x00000000000000f0       0x1b /Users/ncoronges/Projects/Pebble/arm-cs-tools/bin/../lib/gcc/arm-none-eabi/4.6.3/thumb2/crtn.o

.comment        0x0000000000000000       0x4e
 .comment       0x0000000000000000       0x4e /Users/ncoronges/Projects/Pebble/arm-cs-tools/bin/../lib/gcc/arm-none-eabi/4.6.3/thumb2/crtbegin.o
                                         0x4f (size before relaxing)
 .comment       0x0000000000000000       0x4f src/big_led.c.1.o
 .comment       0x0000000000000000       0x4f /Users/ncoronges/Projects/Pebble/arm-cs-tools/bin/../lib/gcc/arm-none-eabi/4.6.3/../../../../arm-none-eabi/lib/thumb2/libc.a(lib_a-memset.o)
 .comment       0x0000000000000000       0x4f /Users/ncoronges/Projects/Pebble/arm-cs-tools/bin/../lib/gcc/arm-none-eabi/4.6.3/thumb2/crtend.o

.debug_line     0x0000000000000000      0x33d
 .debug_line    0x0000000000000000       0x71 /Users/ncoronges/Projects/Pebble/arm-cs-tools/bin/../lib/gcc/arm-none-eabi/4.6.3/thumb2/crti.o
 .debug_line    0x0000000000000071      0x257 src/big_led.c.1.o
 .debug_line    0x00000000000002c8       0x75 /Users/ncoronges/Projects/Pebble/arm-cs-tools/bin/../lib/gcc/arm-none-eabi/4.6.3/thumb2/crtn.o

.debug_info     0x0000000000000000     0x15b0
 .debug_info    0x0000000000000000       0xb2 /Users/ncoronges/Projects/Pebble/arm-cs-tools/bin/../lib/gcc/arm-none-eabi/4.6.3/thumb2/crti.o
 .debug_info    0x00000000000000b2     0x144c src/big_led.c.1.o
 .debug_info    0x00000000000014fe       0xb2 /Users/ncoronges/Projects/Pebble/arm-cs-tools/bin/../lib/gcc/arm-none-eabi/4.6.3/thumb2/crtn.o

.debug_abbrev   0x0000000000000000      0x26a
 .debug_abbrev  0x0000000000000000       0x12 /Users/ncoronges/Projects/Pebble/arm-cs-tools/bin/../lib/gcc/arm-none-eabi/4.6.3/thumb2/crti.o
 .debug_abbrev  0x0000000000000012      0x246 src/big_led.c.1.o
 .debug_abbrev  0x0000000000000258       0x12 /Users/ncoronges/Projects/Pebble/arm-cs-tools/bin/../lib/gcc/arm-none-eabi/4.6.3/thumb2/crtn.o

.debug_aranges  0x0000000000000000       0xb0
 .debug_aranges
                0x0000000000000000       0x28 /Users/ncoronges/Projects/Pebble/arm-cs-tools/bin/../lib/gcc/arm-none-eabi/4.6.3/thumb2/crti.o
 .debug_aranges
                0x0000000000000028       0x60 src/big_led.c.1.o
 .debug_aranges
                0x0000000000000088       0x28 /Users/ncoronges/Projects/Pebble/arm-cs-tools/bin/../lib/gcc/arm-none-eabi/4.6.3/thumb2/crtn.o

.debug_ranges   0x0000000000000000       0xe8
 .debug_ranges  0x0000000000000000       0x20 /Users/ncoronges/Projects/Pebble/arm-cs-tools/bin/../lib/gcc/arm-none-eabi/4.6.3/thumb2/crti.o
 .debug_ranges  0x0000000000000020       0xa8 src/big_led.c.1.o
 .debug_ranges  0x00000000000000c8       0x20 /Users/ncoronges/Projects/Pebble/arm-cs-tools/bin/../lib/gcc/arm-none-eabi/4.6.3/thumb2/crtn.o

.debug_loc      0x0000000000000000      0x2fc
 .debug_loc     0x0000000000000000      0x2fc src/big_led.c.1.o

.debug_str      0x0000000000000000      0xda1
 .debug_str     0x0000000000000000      0xda1 src/big_led.c.1.o
                                        0xe7f (size before relaxing)

.debug_frame    0x0000000000000000      0x104
 .debug_frame   0x0000000000000000      0x104 src/big_led.c.1.o
